// Jest Snapshot v1, https://goo.gl/fbAQLP

exports[`PortfolioInfo renders component 1`] = `
<div
  className="card-info"
>
  <h4>
    Title
  </h4>
  <p>
    Content bla-bla
  </p>
  <a
    href="www.url.com"
  >
    View resource
  </a>
</div>
`;
