// Jest Snapshot v1, https://goo.gl/fbAQLP

exports[`RangeBar renders component 1`] = `
<div
  className="range-bar"
  style={
    Object {
      "width": "calc(50% - 30px)",
    }
  }
>
  skill
</div>
`;
