// Jest Snapshot v1, https://goo.gl/fbAQLP

exports[`Main renders component 1`] = `null`;
